Component: ARM Compiler 5.06 update 5 (build 528) Tool: armlink [4d35e2]

==============================================================================

Section Cross References

    stm32f10x_it.o(.text) refers to usart.o(.text) for UsartPrintf
    system_stm32f10x.o(.text) refers to system_stm32f10x.o(.data) for SystemCoreClock
    startup_stm32f10x_hd.o(RESET) refers to startup_stm32f10x_hd.o(STACK) for __initial_sp
    startup_stm32f10x_hd.o(RESET) refers to startup_stm32f10x_hd.o(.text) for Reset_Handler
    startup_stm32f10x_hd.o(RESET) refers to stm32f10x_it.o(.text) for NMI_Handler
    startup_stm32f10x_hd.o(RESET) refers to timer2.o(.text) for TIM2_IRQHandler
    startup_stm32f10x_hd.o(RESET) refers to usart.o(.text) for USART1_IRQHandler
    startup_stm32f10x_hd.o(RESET) refers to usart2.o(.text) for USART2_IRQHandler
    startup_stm32f10x_hd.o(RESET) refers to esp8266.o(.text) for USART3_IRQHandler
    startup_stm32f10x_hd.o(.text) refers to system_stm32f10x.o(.text) for SystemInit
    startup_stm32f10x_hd.o(.text) refers to entry.o(.ARM.Collect$$$$00000000) for __main
    stm32f10x_gpio.o(.text) refers to stm32f10x_rcc.o(.text) for RCC_APB2PeriphResetCmd
    stm32f10x_rcc.o(.text) refers to stm32f10x_rcc.o(.data) for APBAHBPrescTable
    stm32f10x_usart.o(.text) refers to stm32f10x_rcc.o(.text) for RCC_APB2PeriphResetCmd
    stm32f10x_adc.o(.text) refers to stm32f10x_rcc.o(.text) for RCC_APB2PeriphResetCmd
    stm32f10x_bkp.o(.text) refers to stm32f10x_rcc.o(.text) for RCC_BackupResetCmd
    stm32f10x_can.o(.text) refers to stm32f10x_rcc.o(.text) for RCC_APB1PeriphResetCmd
    stm32f10x_cec.o(.text) refers to stm32f10x_rcc.o(.text) for RCC_APB1PeriphResetCmd
    stm32f10x_dac.o(.text) refers to stm32f10x_rcc.o(.text) for RCC_APB1PeriphResetCmd
    stm32f10x_i2c.o(.text) refers to stm32f10x_rcc.o(.text) for RCC_APB1PeriphResetCmd
    stm32f10x_pwr.o(.text) refers to stm32f10x_rcc.o(.text) for RCC_APB1PeriphResetCmd
    stm32f10x_spi.o(.text) refers to stm32f10x_rcc.o(.text) for RCC_APB2PeriphResetCmd
    stm32f10x_tim.o(.text) refers to stm32f10x_rcc.o(.text) for RCC_APB2PeriphResetCmd
    stm32f10x_wwdg.o(.text) refers to stm32f10x_rcc.o(.text) for RCC_APB1PeriphResetCmd
    led.o(.text) refers to stm32f10x_rcc.o(.text) for RCC_APB2PeriphClockCmd
    led.o(.text) refers to stm32f10x_gpio.o(.text) for GPIO_PinRemapConfig
    led.o(.text) refers to stm32f10x_tim.o(.text) for TIM_SetCompare1
    led.o(.text) refers to delay.o(.text) for DelayXms
    led.o(.text) refers to cfcmple.o(.text) for __aeabi_cfcmple
    led.o(.text) refers to f2d.o(.text) for __aeabi_f2d
    led.o(.text) refers to cdcmple.o(.text) for __aeabi_cdcmple
    led.o(.text) refers to cdrcmple.o(.text) for __aeabi_cdrcmple
    led.o(.text) refers to cfrcmple.o(.text) for __aeabi_cfrcmple
    led.o(.text) refers to misc.o(.text) for NVIC_PriorityGroupConfig
    led.o(.text) refers to pwm.o(.text) for My_TIM3_Init
    led.o(.text) refers to timer2.o(.text) for TIM2_Int_Init
    led.o(.text) refers to usart.o(.text) for Usart1_Init
    led.o(.text) refers to ds18b20.o(.text) for DS18B20_Init
    led.o(.text) refers to tds_adc.o(.text) for ADCx_Init
    led.o(.text) refers to ph_adc.o(.text) for pH_ADCx_Init
    led.o(.text) refers to delay2.o(.text) for delay_init
    led.o(.text) refers to usart2.o(.text) for usart2_init
    led.o(.text) refers to esp82662.o(.text) for ESP82662_Init
    led.o(.text) refers to esp8266.o(.text) for ESP8266_Init
    led.o(.text) refers to led.o(.data) for auto_flag
    led.o(.text) refers to main.o(.data) for hour
    led.o(.text) refers to onenet.o(.data) for time
    led.o(.text) refers to tds.o(.data) for TDS_value
    usart.o(.text) refers to stm32f10x_rcc.o(.text) for RCC_APB2PeriphClockCmd
    usart.o(.text) refers to stm32f10x_gpio.o(.text) for GPIO_Init
    usart.o(.text) refers to stm32f10x_usart.o(.text) for USART_Init
    usart.o(.text) refers to misc.o(.text) for NVIC_Init
    usart.o(.text) refers to printfa.o(i.__0vsnprintf) for __c89vsnprintf
    ds18b20.o(.text) refers to delay.o(.text) for DelayUs
    ds18b20.o(.text) refers to stm32f10x_rcc.o(.text) for RCC_APB2PeriphClockCmd
    ds18b20.o(.text) refers to stm32f10x_gpio.o(.text) for GPIO_Init
    ds18b20.o(.text) refers to fflti.o(.text) for __aeabi_i2f
    ds18b20.o(.text) refers to f2d.o(.text) for __aeabi_f2d
    ds18b20.o(.text) refers to dmul.o(.text) for __aeabi_dmul
    ds18b20.o(.text) refers to dfixi.o(.text) for __aeabi_d2iz
    pwm.o(.text) refers to stm32f10x_rcc.o(.text) for RCC_APB2PeriphClockCmd
    pwm.o(.text) refers to stm32f10x_gpio.o(.text) for GPIO_Init
    pwm.o(.text) refers to stm32f10x_tim.o(.text) for TIM_TimeBaseInit
    delay.o(.text) refers to delay.o(.data) for UsCount
    cjson.o(.text) refers to tolower.o(.text) for tolower
    cjson.o(.text) refers to strlen.o(.text) for strlen
    cjson.o(.text) refers to memcpya.o(.text) for __aeabi_memcpy
[...]
    user\\sys.c                              0x00000000   Number         0  sys.o ABSOLUTE
    user\main.c                              0x00000000   Number         0  main.o ABSOLUTE
    user\sys.c                               0x00000000   Number         0  sys.o ABSOLUTE
    RESET                                    0x08000000   Section      304  startup_stm32f10x_hd.o(RESET)
    .ARM.Collect$$$$00000000                 0x08000130   Section        0  entry.o(.ARM.Collect$$$$00000000)
    .ARM.Collect$$$$00000001                 0x08000130   Section        4  entry2.o(.ARM.Collect$$$$00000001)
    .ARM.Collect$$$$00000004                 0x08000134   Section        4  entry5.o(.ARM.Collect$$$$00000004)
    .ARM.Collect$$$$00000008                 0x08000138   Section        0  entry7b.o(.ARM.Collect$$$$00000008)
    .ARM.Collect$$$$0000000A                 0x08000138   Section        0  entry8b.o(.ARM.Collect$$$$0000000A)
    .ARM.Collect$$$$0000000B                 0x08000138   Section        8  entry9a.o(.ARM.Collect$$$$0000000B)
    .ARM.Collect$$$$0000000D                 0x08000140   Section        0  entry10a.o(.ARM.Collect$$$$0000000D)
    .ARM.Collect$$$$0000000F                 0x08000140   Section        0  entry11a.o(.ARM.Collect$$$$0000000F)
    .ARM.Collect$$$$00002712                 0x08000140   Section        4  entry2.o(.ARM.Collect$$$$00002712)
    __lit__00000000                          0x08000140   Data           4  entry2.o(.ARM.Collect$$$$00002712)
    .text                                    0x08000144   Section        0  stm32f10x_it.o(.text)
    .text                                    0x08000278   Section        0  system_stm32f10x.o(.text)
    SetSysClockTo72                          0x08000279   Thumb Code   214  system_stm32f10x.o(.text)
    SetSysClock                              0x0800034f   Thumb Code     8  system_stm32f10x.o(.text)
    .text                                    0x08000458   Section       36  startup_stm32f10x_hd.o(.text)
    .text                                    0x0800047c   Section        0  misc.o(.text)
    .text                                    0x08000558   Section        0  stm32f10x_gpio.o(.text)
    .text                                    0x080008b4   Section        0  stm32f10x_rcc.o(.text)
    .text                                    0x08000c58   Section        0  stm32f10x_usart.o(.text)
    .text                                    0x08001060   Section        0  stm32f10x_adc.o(.text)
    .text                                    0x080014b0   Section        0  stm32f10x_dma.o(.text)
    .text                                    0x08001704   Section        0  stm32f10x_tim.o(.text)
    TI4_Config                               0x08001bab   Thumb Code   130  stm32f10x_tim.o(.text)
    TI3_Config                               0x08001c3f   Thumb Code   122  stm32f10x_tim.o(.text)
    TI2_Config                               0x08001cd3   Thumb Code   130  stm32f10x_tim.o(.text)
    TI1_Config                               0x08001d67   Thumb Code   108  stm32f10x_tim.o(.text)
    .text                                    0x08002520   Section        0  led.o(.text)
    .text                                    0x080027fc   Section        0  usart.o(.text)
    .text                                    0x080029e8   Section        0  ds18b20.o(.text)
    .text                                    0x08002c54   Section        0  pwm.o(.text)
    .text                                    0x08002ce0   Section        0  delay.o(.text)
    .text                                    0x08002dd4   Section        0  delay2.o(.text)
    .text                                    0x08002ea8   Section        0  esp82662.o(.text)
    .text                                    0x08003230   Section        0  timer2.o(.text)
    .text                                    0x080032b0   Section        0  usart2.o(.text)
    .text                                    0x08003400   Section        0  malloc.o(.text)
    .text                                    0x08003668   Section        0  tds_adc.o(.text)
    ADCx_GPIO_Config                         0x08003669   Thumb Code    32  tds_adc.o(.text)
    ADCx_Mode_Config                         0x08003689   Thumb Code   226  tds_adc.o(.text)
    .text                                    0x08003788   Section        0  tds.o(.text)
    .text                                    0x08003a5c   Section        0  ph_adc.o(.text)
    .text                                    0x08003b1c   Section        0  main.o(.text)
    .text                                    0x08003c2c   Section        0  onenet.o(.text)
    .text                                    0x080045e4   Section        0  mqttkit.o(.text)
    .text                                    0x0800528c   Section        0  esp8266.o(.text)
    .text                                    0x080055c0   Section        0  memcpya.o(.text)
    .text                                    0x080055e4   Section        0  memseta.o(.text)
    .text                                    0x08005608   Section        0  strcat.o(.text)
    .text                                    0x08005620   Section        0  strstr.o(.text)
    .text                                    0x08005644   Section        0  strchr.o(.text)
    .text                                    0x08005658   Section        0  strlen.o(.text)
    .text                                    0x08005666   Section        0  strncat.o(.text)
    .text                                    0x08005690   Section        0  strtok.o(.text)
    .text                                    0x080056d4   Section        0  atoi.o(.text)
    .text                                    0x080056ee   Section        0  fdiv.o(.text)
    .text                                    0x0800576a   Section        0  dadd.o(.text)
    .text                                    0x080058b8   Section        0  dmul.o(.text)
    .text                                    0x0800599c   Section        0  ddiv.o(.text)
    .text                                    0x08005a7a   Section        0  fflti.o(.text)
    .text                                    0x08005a8c   Section        0  ffltui.o(.text)
    .text                                    0x08005a96   Section        0  dflti.o(.text)
    .text                                    0x08005ab8   Section        0  ffixi.o(.text)
    .text                                    0x08005aea   Section        0  dfixi.o(.text)
    .text                                    0x08005b28   Section        0  f2d.o(.text)
    .text                                    0x08005b50   Section       48  cdcmple.o(.text)
    .text                                    0x08005b80   Section       48  cdrcmple.o(.text)
    .text                                    0x08005bb0   Section        0  d2f.o(.text)
    .text                                    0x08005be8   Section       20  cfcmple.o(.text)
    .text                                    0x08005bfc   Section       20  cfrcmple.o(.text)
    .text                                    0x08005c10   Section        0  uidiv.o(.text)
    .text                                    0x08005c3c   Section        0  uldiv.o(.text)
    .text                                    0x08005c9e   Section        0  llshl.o(.text)
    .text                                    0x08005cbc   Section        0  llushr.o(.text)
    .text                                    0x08005cdc   Section        0  llsshr.o(.text)
    .text                                    0x08005d00   Section        0  strtol.o(.text)
    .text                                    0x08005d70   Section        0  fepilogue.o(.text)
    .text                                    0x08005d70   Section        0  iusefp.o(.text)
    .text                                    0x08005dde   Section        0  depilogue.o(.text)
    .text                                    0x08005e98   Section        0  dfixul.o(.text)
    .text                                    0x08005ec8   Section       36  init.o(.text)
    .text                                    0x08005eec   Section        0  ctype_o.o(.text)
    .text                                    0x08005ef4   Section        0  _strtoul.o(.text)
    .text                                    0x08005f92   Section        0  _chval.o(.text)
    i.__0sprintf                             0x08005fb0   Section        0  printfa.o(i.__0sprintf)
    i.__0vsnprintf                           0x08005fd8   Section        0  printfa.o(i.__0vsnprintf)
    i.__0vsprintf                            0x08006004   Section        0  printfa.o(i.__0vsprintf)
    i.__aeabi_errno_addr                     0x08006028   Section        0  errno.o(i.__aeabi_errno_addr)
    i.__scatterload_copy                     0x08006030   Section       14  handlers.o(i.__scatterload_copy)
    i.__scatterload_null                     0x0800603e   Section        2  handlers.o(i.__scatterload_null)
    i.__scatterload_zeroinit                 0x08006040   Section       14  handlers.o(i.__scatterload_zeroinit)
    i._fp_digits                             0x08006050   Section        0  printfa.o(i._fp_digits)
    _fp_digits                               0x08006051   Thumb Code   366  printfa.o(i._fp_digits)
    i._printf_core                           0x080061d4   Section        0  printfa.o(i._printf_core)
    _printf_core                             0x080061d5   Thumb Code  1744  printfa.o(i._printf_core)
    i._printf_post_padding                   0x080068b0   Section        0  printfa.o(i._printf_post_padding)
    _printf_post_padding                     0x080068b1   Thumb Code    36  printfa.o(i._printf_post_padding)
    i._printf_pre_padding                    0x080068d4   Section        0  printfa.o(i._printf_pre_padding)
    _printf_pre_padding                      0x080068d5   Thumb Code    46  printfa.o(i._printf_pre_padding)
    i._snputc                                0x08006902   Section        0  printfa.o(i._snputc)
    _snputc                                  0x08006903   Thumb Code    22  printfa.o(i._snputc)
    i._sputc                                 0x08006918   Section        0  printfa.o(i._sputc)
    _sputc                                   0x08006919   Thumb Code    10  printfa.o(i._sputc)
    i.free                                   0x08006924   Section        0  malloc.o(i.free)
    i.malloc                                 0x08006974   Section        0  malloc.o(i.malloc)
    .constdata                               0x080069e0   Section       24  malloc.o(.constdata)
    .constdata                               0x080069f8   Section      129  ctype_o.o(.constdata)
    .constdata                               0x08006a7c   Section        4  ctype_o.o(.constdata)
    table                                    0x08006a7c   Data           4  ctype_o.o(.constdata)
    .data                                    0x20000000   Section       20  system_stm32f10x.o(.data)
    .data                                    0x20000014   Section       20  stm32f10x_rcc.o(.data)
    APBAHBPrescTable                         0x20000014   Data          16  stm32f10x_rcc.o(.data)
    ADCPrescTable                            0x20000024   Data           4  stm32f10x_rcc.o(.data)
    .data                                    0x20000028   Section       48  led.o(.data)
    .data                                    0x20000058   Section        4  delay.o(.data)
    .data                                    0x2000005c   Section        4  delay2.o(.data)
    fac_us                                   0x2000005c   Data           1  delay2.o(.data)
    fac_ms                                   0x2000005e   Data           2  delay2.o(.data)
    .data                                    0x20000060   Section       12  esp82662.o(.data)
    .data                                    0x2000006c   Section        2  usart2.o(.data)
    .data                                    0x20000070   Section       28  malloc.o(.data)
    .data                                    0x2000008c   Section        2  tds_adc.o(.data)
    .data                                    0x20000090   Section       72  tds.o(.data)
    .data                                    0x200000d8   Section       12  main.o(.data)
    .data                                    0x200000e4   Section       12  onenet.o(.data)
    .data                                    0x200000f0   Section        4  esp8266.o(.data)
    .data                                    0x200000f4   Section        4  strtok.o(.data)
    state                                    0x200000f4   Data           4  strtok.o(.data)
    .data                                    0x200000f8   Section        4  mvars.o(.data)
    .data                                    0x200000fc   Section        4  mvars.o(.data)
    .data                                    0x20000100   Section        4  errno.o(.data)
    _errno                                   0x20000100   Data           4  errno.o(.data)
    .bss                                     0x20000104   Section     1200  usart2.o(.bss)
    .bss                                     0x200005c0   Section    16896  malloc.o(.bss)
    .bss                                     0x200047c0   Section       20  tds.o(.bss)
    .bss                                     0x200047d4   Section      128  esp8266.o(.bss)
    HEAP                                     0x20004858   Section      512  startup_stm32f10x_hd.o(HEAP)
    STACK                                    0x20004a58   Section     1024  startup_stm32f10x_hd.o(STACK)
    .ARM.__AT_0x68000000                     0x68000000   Section       32  malloc.o(.ARM.__AT_0x68000000)
    .ARM.__AT_0x68000020                     0x68000020   Section        2  malloc.o(.ARM.__AT_0x68000020)

    Global Symbols

    Symbol Name                              Value     Ov Type        Size  Object(Section)

    BuildAttributes$$THM_ISAv4$P$D$K$B$S$PE$A:L22UL41UL21$X:L11$S22US41US21$IEEE1$IW$USESV6$~STKCKD$USESV7$~SHL$OTIME$ROPI$IEEEX$EBA8$MICROLIB$REQ8$PRES8$EABIv2 0x00000000   Number         0  anon$$obj.o ABSOLUTE
    __ARM_use_no_argv                        0x00000000   Number         0  main.o ABSOLUTE
    _printf_a                                0x00000000   Number         0  stubs.o ABSOLUTE
    _printf_c                                0x00000000   Number         0  stubs.o ABSOLUTE
    _printf_charcount                        0x00000000   Number         0  stubs.o ABSOLUTE
    _printf_d                                0x00000000   Number         0  stubs.o ABSOLUTE
    _printf_e                                0x00000000   Number         0  stubs.o ABSOLUTE
    _printf_f                                0x00000000   Number         0  stubs.o ABSOLUTE
    _printf_flags                            0x00000000   Number         0  stubs.o ABSOLUTE
    _printf_fp_dec                           0x00000000   Number         0  stubs.o ABSOLUTE
    _printf_fp_hex                           0x00000000   Number         0  stubs.o ABSOLUTE
    _printf_g                                0x00000000   Number         0  stubs.o ABSOLUTE
    _printf_i                                0x00000000   Number         0  stubs.o ABSOLUTE
    _printf_int_dec                          0x00000000   Number         0  stubs.o ABSOLUTE
    _printf_l                                0x00000000   Number         0  stubs.o ABSOLUTE
    _printf_lc                               0x00000000   Number         0  stubs.o ABSOLUTE
    _printf_ll                               0x00000000   Number         0  stubs.o ABSOLUTE
    _printf_lld                              0x00000000   Number         0  stubs.o ABSOLUTE
    _printf_lli                              0x00000000   Number         0  stubs.o ABSOLUTE
    _printf_llo                              0x00000000   Number         0  stubs.o ABSOLUTE
    _printf_llu                              0x00000000   Number         0  stubs.o ABSOLUTE
    _printf_llx                              0x00000000   Number         0  stubs.o ABSOLUTE
    _printf_longlong_dec                     0x00000000   Number         0  stubs.o ABSOLUTE
    _printf_longlong_hex                     0x00000000   Number         0  stubs.o ABSOLUTE
    _printf_longlong_oct                     0x00000000   Number         0  stubs.o ABSOLUTE
    _printf_ls                               0x00000000   Number         0  stubs.o ABSOLUTE
    _printf_mbtowc                           0x00000000   Number         0  stubs.o ABSOLUTE
    _printf_n                                0x00000000   Number         0  stubs.o ABSOLUTE
    _printf_o                                0x00000000   Number         0  stubs.o ABSOLUTE
    _printf_p                                0x00000000   Number         0  stubs.o ABSOLUTE
    _printf_percent                          0x00000000   Number         0  stubs.o ABSOLUTE
    _printf_pre_padding                      0x00000000   Number         0  stubs.o ABSOLUTE
    _printf_return_value                     0x00000000   Number         0  stubs.o ABSOLUTE
    _printf_s                                0x00000000   Number         0  stubs.o ABSOLUTE
    _printf_sizespec                         0x00000000   Number         0  stubs.o ABSOLUTE
    _printf_str                              0x00000000   Number         0  stubs.o ABSOLUTE
    _printf_truncate_signed                  0x00000000   Number         0  stubs.o ABSOLUTE
    _printf_truncate_unsigned                0x00000000   Number         0  stubs.o ABSOLUTE
    _printf_u                                0x00000000   Number         0  stubs.o ABSOLUTE
    _printf_wc                               0x00000000   Number         0  stubs.o ABSOLUTE
    _printf_wctomb                           0x00000000   Number         0  stubs.o ABSOLUTE
    _printf_widthprec                        0x00000000   Number         0  stubs.o ABSOLUTE
    _printf_x                                0x00000000   Number         0  stubs.o ABSOLUTE
    __cpp_initialize__aeabi_                  - Undefined Weak Reference
    __cxa_finalize                            - Undefined Weak Reference
    __decompress                              - Undefined Weak Reference
    _clock_init                               - Undefined Weak Reference
    _microlib_exit                            - Undefined Weak Reference
    __Vectors_Size                           0x00000130   Number         0  startup_stm32f10x_hd.o ABSOLUTE
    __Vectors                                0x08000000   Data           4  startup_stm32f10x_hd.o(RESET)
    __Vectors_End                            0x08000130   Data           0  startup_stm32f10x_hd.o(RESET)
    __main                                   0x08000131   Thumb Code     0  entry.o(.ARM.Collect$$$$00000000)
    _main_stk                                0x08000131   Thumb Code     0  entry2.o(.ARM.Collect$$$$00000001)
    _main_scatterload                        0x08000135   Thumb Code     0  entry5.o(.ARM.Collect$$$$00000004)
    __main_after_scatterload                 0x08000139   Thumb Code     0  entry5.o(.ARM.Collect$$$$00000004)
    _main_clock                              0x08000139   Thumb Code     0  entry7b.o(.ARM.Collect$$$$00000008)
    _main_cpp_init                           0x08000139   Thumb Code     0  entry8b.o(.ARM.Collect$$$$0000000A)
    _main_init                               0x08000139   Thumb Code     0  entry9a.o(.ARM.Collect$$$$0000000B)
    __rt_final_cpp                           0x08000141   Thumb Code     0  entry10a.o(.ARM.Collect$$$$0000000D)
    __rt_final_exit                          0x08000141   Thumb Code     0  entry11a.o(.ARM.Collect$$$$0000000F)
    NMI_Handler                              0x08000145   Thumb Code     2  stm32f10x_it.o(.text)
    HardFault_Handler                        0x08000147   Thumb Code    12  stm32f10x_it.o(.text)
    MemManage_Handler                        0x08000153   Thumb Code    12  stm32f10x_it.o(.text)
    BusFault_Handler                         0x0800015f   Thumb Code    12  stm32f10x_it.o(.text)
    UsageFault_Handler                       0x0800016b   Thumb Code    12  stm32f10x_it.o(.text)
    SVC_Handler                              0x08000177   Thumb Code     2  stm32f10x_it.o(.text)
    DebugMon_Handler                         0x08000179   Thumb Code     2  stm32f10x_it.o(.text)
    SysTick_Handler                          0x0800017b   Thumb Code     2  stm32f10x_it.o(.text)
    EXTI0_IRQHandler                         0x0800017d   Thumb Code     2  stm32f10x_it.o(.text)
    RTC_IRQHandler                           0x0800017f   Thumb Code     2  stm32f10x_it.o(.text)
    SystemInit                               0x08000357   Thumb Code    78  system_stm32f10x.o(.text)
    SystemCoreClockUpdate                    0x080003a5   Thumb Code   142  system_stm32f10x.o(.text)
    Reset_Handler                            0x08000459   Thumb Code     8  startup_stm32f10x_hd.o(.text)
    PendSV_Handler                           0x0800046f   Thumb Code     2  startup_stm32f10x_hd.o(.text)
    ADC1_2_IRQHandler                        0x08000473   Thumb Code     0  startup_stm32f10x_hd.o(.text)
    ADC3_IRQHandler                          0x08000473   Thumb Code     0  startup_stm32f10x_hd.o(.text)
    CAN1_RX1_IRQHandler                      0x08000473   Thumb Code     0  startup_stm32f10x_hd.o(.text)
    CAN1_SCE_IRQHandler                      0x08000473   Thumb Code     0  startup_stm32f10x_hd.o(.text)
    DMA1_Channel1_IRQHandler                 0x08000473   Thumb Code     0  startup_stm32f10x_hd.o(.text)
    DMA1_Channel2_IRQHandler                 0x08000473   Thumb Code     0  startup_stm32f10x_hd.o(.text)
    DMA1_Channel3_IRQHandler                 0x08000473   Thumb Code     0  startup_stm32f10x_hd.o(.text)
    DMA1_Channel4_IRQHandler                 0x08000473   Thumb Code     0  startup_stm32f10x_hd.o(.text)
    DMA1_Channel5_IRQHandler                 0x08000473   Thumb Code     0  startup_stm32f10x_hd.o(.text)
    DMA1_Channel6_IRQHandler                 0x08000473   Thumb Code     0  startup_stm32f10x_hd.o(.text)
    DMA1_Channel7_IRQHandler                 0x08000473   Thumb Code     0  startup_stm32f10x_hd.o(.text)
    DMA2_Channel1_IRQHandler                 0x08000473   Thumb Code     0  startup_stm32f10x_hd.o(.text)
    DMA2_Channel2_IRQHandler                 0x08000473   Thumb Code     0  startup_stm32f10x_hd.o(.text)
    DMA2_Channel3_IRQHandler                 0x08000473   Thumb Code     0  startup_stm32f10x_hd.o(.text)
    DMA2_Channel4_5_IRQHandler               0x08000473   Thumb Code     0  startup_stm32f10x_hd.o(.text)
    EXTI15_10_IRQHandler                     0x08000473   Thumb Code     0  startup_stm32f10x_hd.o(.text)
    EXTI1_IRQHandler                         0x08000473   Thumb Code     0  startup_stm32f10x_hd.o(.text)
    EXTI2_IRQHandler                         0x08000473   Thumb Code     0  startup_stm32f10x_hd.o(.text)
    EXTI3_IRQHandler                         0x08000473   Thumb Code     0  startup_stm32f10x_hd.o(.text)
    EXTI4_IRQHandler                         0x08000473   Thumb Code     0  startup_stm32f10x_hd.o(.text)
    EXTI9_5_IRQHandler                       0x08000473   Thumb Code     0  startup_stm32f10x_hd.o(.text)
    FLASH_IRQHandler                         0x08000473   Thumb Code     0  startup_stm32f10x_hd.o(.text)
    FSMC_IRQHandler                          0x08000473   Thumb Code     0  startup_stm32f10x_hd.o(.text)
    I2C1_ER_IRQHandler                       0x08000473   Thumb Code     0  startup_stm32f10x_hd.o(.text)
    I2C1_EV_IRQHandler                       0x08000473   Thumb Code     0  startup_stm32f10x_hd.o(.text)
    I2C2_ER_IRQHandler                       0x08000473   Thumb Code     0  startup_stm32f10x_hd.o(.text)
    I2C2_EV_IRQHandler                       0x08000473   Thumb Code     0  startup_stm32f10x_hd.o(.text)
    PVD_IRQHandler                           0x08000473   Thumb Code     0  startup_stm32f10x_hd.o(.text)
    RCC_IRQHandler                           0x08000473   Thumb Code     0  startup_stm32f10x_hd.o(.text)
    RTCAlarm_IRQHandler                      0x08000473   Thumb Code     0  startup_stm32f10x_hd.o(.text)
    SDIO_IRQHandler                          0x08000473   Thumb Code     0  startup_stm32f10x_hd.o(.text)
    SPI1_IRQHandler                          0x08000473   Thumb Code     0  startup_stm32f10x_hd.o(.text)
    SPI2_IRQHandler                          0x08000473   Thumb Code     0  startup_stm32f10x_hd.o(.text)
    SPI3_IRQHandler                          0x08000473   Thumb Code     0  startup_stm32f10x_hd.o(.text)
    TAMPER_IRQHandler                        0x08000473   Thumb Code     0  startup_stm32f10x_hd.o(.text)
    TIM1_BRK_IRQHandler                      0x08000473   Thumb Code     0  startup_stm32f10x_hd.o(.text)
    TIM1_CC_IRQHandler                       0x08000473   Thumb Code     0  startup_stm32f10x_hd.o(.text)
    TIM1_TRG_COM_IRQHandler                  0x08000473   Thumb Code     0  startup_stm32f10x_hd.o(.text)
    TIM1_UP_IRQHandler                       0x08000473   Thumb Code     0  startup_stm32f10x_hd.o(.text)
    TIM3_IRQHandler                          0x08000473   Thumb Code     0  startup_stm32f10x_hd.o(.text)
    TIM4_IRQHandler                          0x08000473   Thumb Code     0  startup_stm32f10x_hd.o(.text)
    TIM5_IRQHandler                          0x08000473   Thumb Code     0  startup_stm32f10x_hd.o(.text)
    TIM6_IRQHandler                          0x08000473   Thumb Code     0  startup_stm32f10x_hd.o(.text)
    TIM7_IRQHandler                          0x08000473   Thumb Code     0  startup_stm32f10x_hd.o(.text)
    TIM8_BRK_IRQHandler                      0x08000473   Thumb Code     0  startup_stm32f10x_hd.o(.text)
    TIM8_CC_IRQHandler                       0x08000473   Thumb Code     0  startup_stm32f10x_hd.o(.text)
    TIM8_TRG_COM_IRQHandler                  0x08000473   Thumb Code     0  startup_stm32f10x_hd.o(.text)
    TIM8_UP_IRQHandler                       0x08000473   Thumb Code     0  startup_stm32f10x_hd.o(.text)
    UART4_IRQHandler                         0x08000473   Thumb Code     0  startup_stm32f10x_hd.o(.text)
    UART5_IRQHandler                         0x08000473   Thumb Code     0  startup_stm32f10x_hd.o(.text)
    USBWakeUp_IRQHandler                     0x08000473   Thumb Code     0  startup_stm32f10x_hd.o(.text)
    USB_HP_CAN1_TX_IRQHandler                0x08000473   Thumb Code     0  startup_stm32f10x_hd.o(.text)
    USB_LP_CAN1_RX0_IRQHandler               0x08000473   Thumb Code     0  startup_stm32f10x_hd.o(.text)
    WWDG_IRQHandler                          0x08000473   Thumb Code     0  startup_stm32f10x_hd.o(.text)
    NVIC_PriorityGroupConfig                 0x0800047d   Thumb Code    10  misc.o(.text)
    NVIC_Init                                0x08000487   Thumb Code   100  misc.o(.text)
    NVIC_SetVectorTable                      0x080004eb   Thumb Code    14  misc.o(.text)
    NVIC_SystemLPConfig                      0x080004f9   Thumb Code    34  misc.o(.text)
    SysTick_CLKSourceConfig                  0x0800051b   Thumb Code    40  misc.o(.text)
    GPIO_DeInit                              0x08000559   Thumb Code   172  stm32f10x_gpio.o(.text)
    GPIO_AFIODeInit                          0x08000605   Thumb Code    20  stm32f10x_gpio.o(.text)
    GPIO_Init                                0x08000619   Thumb Code   278  stm32f10x_gpio.o(.text)
    GPIO_StructInit                          0x0800072f   Thumb Code    16  stm32f10x_gpio.o(.text)
    GPIO_ReadInputDataBit                    0x0800073f   Thumb Code    18  stm32f10x_gpio.o(.text)
    GPIO_ReadInputData                       0x08000751   Thumb Code     8  stm32f10x_gpio.o(.text)
    GPIO_ReadOutputDataBit                   0x08000759   Thumb Code    18  stm32f10x_gpio.o(.text)
    GPIO_ReadOutputData                      0x0800076b   Thumb Code     8  stm32f10x_gpio.o(.text)
    GPIO_SetBits                             0x08000773   Thumb Code     4  stm32f10x_gpio.o(.text)
    GPIO_ResetBits                           0x08000777   Thumb Code     4  stm32f10x_gpio.o(.text)
    GPIO_WriteBit                            0x0800077b   Thumb Code    10  stm32f10x_gpio.o(.text)
    GPIO_Write                               0x08000785   Thumb Code     4  stm32f10x_gpio.o(.text)
    GPIO_PinLockConfig                       0x08000789   Thumb Code    18  stm32f10x_gpio.o(.text)
    GPIO_EventOutputConfig                   0x0800079b   Thumb Code    26  stm32f10x_gpio.o(.text)
    GPIO_EventOutputCmd                      0x080007b5   Thumb Code     6  stm32f10x_gpio.o(.text)
    GPIO_PinRemapConfig                      0x080007bb   Thumb Code   138  stm32f10x_gpio.o(.text)
    GPIO_EXTILineConfig                      0x08000845   Thumb Code    66  stm32f10x_gpio.o(.text)
    GPIO_ETH_MediaInterfaceConfig            0x08000887   Thumb Code     8  stm32f10x_gpio.o(.text)
    RCC_DeInit                               0x080008b5   Thumb Code    64  stm32f10x_rcc.o(.text)
    RCC_HSEConfig                            0x080008f5   Thumb Code    70  stm32f10x_rcc.o(.text)
    RCC_GetFlagStatus                        0x0800093b   Thumb Code    56  stm32f10x_rcc.o(.text)
    RCC_WaitForHSEStartUp                    0x08000973   Thumb Code    56  stm32f10x_rcc.o(.text)
    RCC_AdjustHSICalibrationValue            0x080009ab   Thumb Code    20  stm32f10x_rcc.o(.text)
    RCC_HSICmd                               0x080009bf   Thumb Code     6  stm32f10x_rcc.o(.text)
    RCC_PLLConfig                            0x080009c5   Thumb Code    24  stm32f10x_rcc.o(.text)
    RCC_PLLCmd                               0x080009dd   Thumb Code     6  stm32f10x_rcc.o(.text)
    RCC_SYSCLKConfig                         0x080009e3   Thumb Code    18  stm32f10x_rcc.o(.text)
    RCC_GetSYSCLKSource                      0x080009f5   Thumb Code    10  stm32f10x_rcc.o(.text)
    RCC_HCLKConfig                           0x080009ff   Thumb Code    18  stm32f10x_rcc.o(.text)
    RCC_PCLK1Config                          0x08000a11   Thumb Code    18  stm32f10x_rcc.o(.text)
    RCC_PCLK2Config                          0x08000a23   Thumb Code    20  stm32f10x_rcc.o(.text)
    RCC_ITConfig                             0x08000a37   Thumb Code    26  stm32f10x_rcc.o(.text)
    RCC_USBCLKConfig                         0x08000a51   Thumb Code     8  stm32f10x_rcc.o(.text)
    RCC_ADCCLKConfig                         0x08000a59   Thumb Code    18  stm32f10x_rcc.o(.text)
    RCC_LSEConfig                            0x08000a6b   Thumb Code    50  stm32f10x_rcc.o(.text)
    RCC_LSICmd                               0x08000a9d   Thumb Code     6  stm32f10x_rcc.o(.text)
    RCC_RTCCLKConfig                         0x08000aa3   Thumb Code    12  stm32f10x_rcc.o(.text)
    RCC_RTCCLKCmd                            0x08000aaf   Thumb Code     8  stm32f10x_rcc.o(.text)
    RCC_GetClocksFreq                        0x08000ab7   Thumb Code   192  stm32f10x_rcc.o(.text)
    RCC_AHBPeriphClockCmd                    0x08000b77   Thumb Code    26  stm32f10x_rcc.o(.text)
    RCC_APB2PeriphClockCmd                   0x08000b91   Thumb Code    26  stm32f10x_rcc.o(.text)
    RCC_APB1PeriphClockCmd                   0x08000bab   Thumb Code    26  stm32f10x_rcc.o(.text)
    RCC_APB2PeriphResetCmd                   0x08000bc5   Thumb Code    26  stm32f10x_rcc.o(.text)
    RCC_APB1PeriphResetCmd                   0x08000bdf   Thumb Code    26  stm32f10x_rcc.o(.text)
    RCC_BackupResetCmd                       0x08000bf9   Thumb Code     8  stm32f10x_rcc.o(.text)
    RCC_ClockSecuritySystemCmd               0x08000c01   Thumb Code     6  stm32f10x_rcc.o(.text)
    RCC_MCOConfig                            0x08000c07   Thumb Code     6  stm32f10x_rcc.o(.text)
    RCC_ClearFlag                            0x08000c0d   Thumb Code    14  stm32f10x_rcc.o(.text)
    RCC_GetITStatus                          0x08000c1b   Thumb Code    20  stm32f10x_rcc.o(.text)
    RCC_ClearITPendingBit                    0x08000c2f   Thumb Code     6  stm32f10x_rcc.o(.text)
    USART_DeInit                             0x08000c59   Thumb Code   134  stm32f10x_usart.o(.text)
    USART_Init                               0x08000cdf   Thumb Code   210  stm32f10x_usart.o(.text)
    USART_StructInit                         0x08000db1   Thumb Code    24  stm32f10x_usart.o(.text)
    USART_ClockInit                          0x08000dc9   Thumb Code    34  stm32f10x_usart.o(.text)
    USART_ClockStructInit                    0x08000deb   Thumb Code    12  stm32f10x_usart.o(.text)
    USART_Cmd                                0x08000df7   Thumb Code    24  stm32f10x_usart.o(.text)
    USART_ITConfig                           0x08000e0f   Thumb Code    74  stm32f10x_usart.o(.text)
    USART_DMACmd                             0x08000e59   Thumb Code    18  stm32f10x_usart.o(.text)
    USART_SetAddress                         0x08000e6b   Thumb Code    18  stm32f10x_usart.o(.text)
    USART_WakeUpConfig                       0x08000e7d   Thumb Code    18  stm32f10x_usart.o(.text)
    USART_ReceiverWakeUpCmd                  0x08000e8f   Thumb Code    24  stm32f10x_usart.o(.text)
    USART_LINBreakDetectLengthConfig         0x08000ea7   Thumb Code    18  stm32f10x_usart.o(.text)
    USART_LINCmd                             0x08000eb9   Thumb Code    24  stm32f10x_usart.o(.text)
    USART_SendData                           0x08000ed1   Thumb Code     8  stm32f10x_usart.o(.text)
    USART_ReceiveData                        0x08000ed9   Thumb Code    10  stm32f10x_usart.o(.text)
    USART_SendBreak                          0x08000ee3   Thumb Code    10  stm32f10x_usart.o(.text)
    USART_SetGuardTime                       0x08000eed   Thumb Code    16  stm32f10x_usart.o(.text)
    USART_SetPrescaler                       0x08000efd   Thumb Code    16  stm32f10x_usart.o(.text)
    USART_SmartCardCmd                       0x08000f0d   Thumb Code    24  stm32f10x_usart.o(.text)
    USART_SmartCardNACKCmd                   0x08000f25   Thumb Code    24  stm32f10x_usart.o(.text)
    USART_HalfDuplexCmd                      0x08000f3d   Thumb Code    24  stm32f10x_usart.o(.text)
    USART_OverSampling8Cmd                   0x08000f55   Thumb Code    22  stm32f10x_usart.o(.text)
    USART_OneBitMethodCmd                    0x08000f6b   Thumb Code    24  stm32f10x_usart.o(.text)
    USART_IrDAConfig                         0x08000f83   Thumb Code    18  stm32f10x_usart.o(.text)
    USART_IrDACmd                            0x08000f95   Thumb Code    24  stm32f10x_usart.o(.text)
    USART_GetFlagStatus                      0x08000fad   Thumb Code    26  stm32f10x_usart.o(.text)
    USART_ClearFlag                          0x08000fc7   Thumb Code    18  stm32f10x_usart.o(.text)
    USART_GetITStatus                        0x08000fd9   Thumb Code    84  stm32f10x_usart.o(.text)
    USART_ClearITPendingBit                  0x0800102d   Thumb Code    52  stm32f10x_usart.o(.text)
    ADC_DeInit                               0x08001061   Thumb Code    78  stm32f10x_adc.o(.text)
    ADC_Init                                 0x080010af   Thumb Code    70  stm32f10x_adc.o(.text)
    ADC_StructInit                           0x080010f5   Thumb Code    18  stm32f10x_adc.o(.text)
    ADC_Cmd                                  0x08001107   Thumb Code    22  stm32f10x_adc.o(.text)
    ADC_DMACmd                               0x0800111d   Thumb Code    22  stm32f10x_adc.o(.text)
    ADC_ITConfig                             0x08001133   Thumb Code    24  stm32f10x_adc.o(.text)
    ADC_ResetCalibration                     0x0800114b   Thumb Code    10  stm32f10x_adc.o(.text)
    ADC_GetResetCalibrationStatus            0x08001155   Thumb Code    20  stm32f10x_adc.o(.text)
    ADC_StartCalibration                     0x08001169   Thumb Code    10  stm32f10x_adc.o(.text)
    ADC_GetCalibrationStatus                 0x08001173   Thumb Code    20  stm32f10x_adc.o(.text)
    ADC_SoftwareStartConvCmd                 0x08001187   Thumb Code    22  stm32f10x_adc.o(.text)
    ADC_GetSoftwareStartConvStatus           0x0800119d   Thumb Code    20  stm32f10x_adc.o(.text)
    ADC_DiscModeChannelCountConfig           0x080011b1   Thumb Code    24  stm32f10x_adc.o(.text)
    ADC_DiscModeCmd                          0x080011c9   Thumb Code    22  stm32f10x_adc.o(.text)
    ADC_RegularChannelConfig                 0x080011df   Thumb Code   184  stm32f10x_adc.o(.text)
    ADC_ExternalTrigConvCmd                  0x08001297   Thumb Code    22  stm32f10x_adc.o(.text)
    ADC_GetConversionValue                   0x080012ad   Thumb Code     8  stm32f10x_adc.o(.text)
    ADC_GetDualModeConversionValue           0x080012b5   Thumb Code     8  stm32f10x_adc.o(.text)
    ADC_AutoInjectedConvCmd                  0x080012bd   Thumb Code    22  stm32f10x_adc.o(.text)
    ADC_InjectedDiscModeCmd                  0x080012d3   Thumb Code    22  stm32f10x_adc.o(.text)
    ADC_ExternalTrigInjectedConvConfig       0x080012e9   Thumb Code    16  stm32f10x_adc.o(.text)
    ADC_ExternalTrigInjectedConvCmd          0x080012f9   Thumb Code    22  stm32f10x_adc.o(.text)
    ADC_SoftwareStartInjectedConvCmd         0x0800130f   Thumb Code    22  stm32f10x_adc.o(.text)
    ADC_GetSoftwareStartInjectedConvCmdStatus 0x08001325   Thumb Code    20  stm32f10x_adc.o(.text)
    ADC_InjectedChannelConfig                0x08001339   Thumb Code   130  stm32f10x_adc.o(.text)
    ADC_InjectedSequencerLengthConfig        0x080013bb   Thumb Code    24  stm32f10x_adc.o(.text)
    ADC_SetInjectedOffset                    0x080013d3   Thumb Code    20  stm32f10x_adc.o(.text)
    ADC_GetInjectedConversionValue           0x080013e7   Thumb Code    28  stm32f10x_adc.o(.text)
    ADC_AnalogWatchdogCmd                    0x08001403   Thumb Code    16  stm32f10x_adc.o(.text)
    ADC_AnalogWatchdogThresholdsConfig       0x08001413   Thumb Code     6  stm32f10x_adc.o(.text)
    ADC_AnalogWatchdogSingleChannelConfig    0x08001419   Thumb Code    16  stm32f10x_adc.o(.text)
    ADC_TempSensorVrefintCmd                 0x08001429   Thumb Code    64  stm32f10x_adc.o(.text)
    ADC_GetFlagStatus                        0x08001469   Thumb Code    18  stm32f10x_adc.o(.text)
    ADC_ClearFlag                            0x0800147b   Thumb Code     6  stm32f10x_adc.o(.text)
    ADC_GetITStatus                          0x08001481   Thumb Code    36  stm32f10x_adc.o(.text)
    ADC_ClearITPendingBit                    0x080014a5   Thumb Code    10  stm32f10x_adc.o(.text)
    DMA_DeInit                               0x080014b1   Thumb Code   324  stm32f10x_dma.o(.text)
    DMA_Init                                 0x080015f5   Thumb Code    60  stm32f10x_dma.o(.text)
    DMA_StructInit                           0x08001631   Thumb Code    26  stm32f10x_dma.o(.text)
    DMA_Cmd                                  0x0800164b   Thumb Code    24  stm32f10x_dma.o(.text)
    DMA_ITConfig                             0x08001663   Thumb Code    18  stm32f10x_dma.o(.text)
    DMA_SetCurrDataCounter                   0x08001675   Thumb Code     4  stm32f10x_dma.o(.text)
    DMA_GetCurrDataCounter                   0x08001679   Thumb Code     8  stm32f10x_dma.o(.text)
    DMA_GetFlagStatus                        0x08001681   Thumb Code    40  stm32f10x_dma.o(.text)
    DMA_ClearFlag                            0x080016a9   Thumb Code    22  stm32f10x_dma.o(.text)
    DMA_GetITStatus                          0x080016bf   Thumb Code    40  stm32f10x_dma.o(.text)
    DMA_ClearITPendingBit                    0x080016e7   Thumb Code    22  stm32f10x_dma.o(.text)
    TIM_DeInit                               0x08001705   Thumb Code   424  stm32f10x_tim.o(.text)
    TIM_TimeBaseInit                         0x080018ad   Thumb Code   122  stm32f10x_tim.o(.text)
    TIM_OC1Init                              0x08001927   Thumb Code   132  stm32f10x_tim.o(.text)
    TIM_OC2Init                              0x080019ab   Thumb Code   154  stm32f10x_tim.o(.text)
    TIM_OC3Init                              0x08001a45   Thumb Code   150  stm32f10x_tim.o(.text)
    TIM_OC4Init                              0x08001adb   Thumb Code   182  stm32f10x_tim.o(.text)
    TIM_SetIC4Prescaler                      0x08001b91   Thumb Code    26  stm32f10x_tim.o(.text)
    TIM_SetIC3Prescaler                      0x08001c2d   Thumb Code    18  stm32f10x_tim.o(.text)
    TIM_SetIC2Prescaler                      0x08001cb9   Thumb Code    26  stm32f10x_tim.o(.text)
    TIM_SetIC1Prescaler                      0x08001d55   Thumb Code    18  stm32f10x_tim.o(.text)
    TIM_ICInit                               0x08001dd3   Thumb Code   150  stm32f10x_tim.o(.text)
    TIM_PWMIConfig                           0x08001e69   Thumb Code   124  stm32f10x_tim.o(.text)
    TIM_BDTRConfig                           0x08001ee5   Thumb Code    32  stm32f10x_tim.o(.text)
    TIM_TimeBaseStructInit                   0x08001f05   Thumb Code    18  stm32f10x_tim.o(.text)
    TIM_OCStructInit                         0x08001f17   Thumb Code    20  stm32f10x_tim.o(.text)
    TIM_ICStructInit                         0x08001f2b   Thumb Code    18  stm32f10x_tim.o(.text)
    TIM_BDTRStructInit                       0x08001f3d   Thumb Code    40  stm32f10x_tim.o(.text)
    TIM_Cmd                                  0x08001f65   Thumb Code    24  stm32f10x_tim.o(.text)
    TIM_CtrlPWMOutputs                       0x08001f7d   Thumb Code    30  stm32f10x_tim.o(.text)
    TIM_ITConfig                             0x08001f9b   Thumb Code    18  stm32f10x_tim.o(.text)
    TIM_GenerateEvent                        0x08001fad   Thumb Code     4  stm32f10x_tim.o(.text)
    TIM_DMAConfig                            0x08001fb1   Thumb Code    10  stm32f10x_tim.o(.text)
    TIM_DMACmd                               0x08001fbb   Thumb Code    18  stm32f10x_tim.o(.text)
    TIM_InternalClockConfig                  0x08001fcd   Thumb Code    12  stm32f10x_tim.o(.text)
    TIM_SelectInputTrigger                   0x08001fd9   Thumb Code    18  stm32f10x_tim.o(.text)
    TIM_ITRxExternalClockConfig              0x08001feb   Thumb Code    24  stm32f10x_tim.o(.text)
    TIM_TIxExternalClockConfig               0x08002003   Thumb Code    62  stm32f10x_tim.o(.text)
    TIM_ETRConfig                            0x08002041   Thumb Code    28  stm32f10x_tim.o(.text)
    TIM_ETRClockMode1Config                  0x0800205d   Thumb Code    54  stm32f10x_tim.o(.text)
    TIM_ETRClockMode2Config                  0x08002093   Thumb Code    32  stm32f10x_tim.o(.text)
    TIM_PrescalerConfig                      0x080020b3   Thumb Code     6  stm32f10x_tim.o(.text)
    TIM_CounterModeConfig                    0x080020b9   Thumb Code    18  stm32f10x_tim.o(.text)
    TIM_EncoderInterfaceConfig               0x080020cb   Thumb Code    66  stm32f10x_tim.o(.text)
    TIM_ForcedOC1Config                      0x0800210d   Thumb Code    18  stm32f10x_tim.o(.text)
    TIM_ForcedOC2Config                      0x0800211f   Thumb Code    26  stm32f10x_tim.o(.text)
    TIM_ForcedOC3Config                      0x08002139   Thumb Code    18  stm32f10x_tim.o(.text)
    TIM_ForcedOC4Config                      0x0800214b   Thumb Code    26  stm32f10x_tim.o(.text)
    TIM_ARRPreloadConfig                     0x08002165   Thumb Code    24  stm32f10x_tim.o(.text)
    TIM_SelectCOM                            0x0800217d   Thumb Code    24  stm32f10x_tim.o(.text)
    TIM_SelectCCDMA                          0x08002195   Thumb Code    24  stm32f10x_tim.o(.text)
    TIM_CCPreloadControl                     0x080021ad   Thumb Code    24  stm32f10x_tim.o(.text)
    TIM_OC1PreloadConfig                     0x080021c5   Thumb Code    18  stm32f10x_tim.o(.text)
    TIM_OC2PreloadConfig                     0x080021d7   Thumb Code    26  stm32f10x_tim.o(.text)
    TIM_OC3PreloadConfig                     0x080021f1   Thumb Code    18  stm32f10x_tim.o(.text)
    TIM_OC4PreloadConfig                     0x08002203   Thumb Code    26  stm32f10x_tim.o(.text)
    TIM_OC1FastConfig                        0x0800221d   Thumb Code    18  stm32f10x_tim.o(.text)
    TIM_OC2FastConfig                        0x0800222f   Thumb Code    26  stm32f10x_tim.o(.text)
    TIM_OC3FastConfig                        0x08002249   Thumb Code    18  stm32f10x_tim.o(.text)
    TIM_OC4FastConfig                        0x0800225b   Thumb Code    26  stm32f10x_tim.o(.text)
    TIM_ClearOC1Ref                          0x08002275   Thumb Code    18  stm32f10x_tim.o(.text)
    TIM_ClearOC2Ref                          0x08002287   Thumb Code    24  stm32f10x_tim.o(.text)
    TIM_ClearOC3Ref                          0x0800229f   Thumb Code    18  stm32f10x_tim.o(.text)
    TIM_ClearOC4Ref                          0x080022b1   Thumb Code    24  stm32f10x_tim.o(.text)
    TIM_OC1PolarityConfig                    0x080022c9   Thumb Code    18  stm32f10x_tim.o(.text)
    TIM_OC1NPolarityConfig                   0x080022db   Thumb Code    18  stm32f10x_tim.o(.text)
    TIM_OC2PolarityConfig                    0x080022ed   Thumb Code    26  stm32f10x_tim.o(.text)
    TIM_OC2NPolarityConfig                   0x08002307   Thumb Code    26  stm32f10x_tim.o(.text)
    TIM_OC3PolarityConfig                    0x08002321   Thumb Code    26  stm32f10x_tim.o(.text)
    TIM_OC3NPolarityConfig                   0x0800233b   Thumb Code    26  stm32f10x_tim.o(.text)
    TIM_OC4PolarityConfig                    0x08002355   Thumb Code    26  stm32f10x_tim.o(.text)
    TIM_CCxCmd                               0x0800236f   Thumb Code    30  stm32f10x_tim.o(.text)
    TIM_CCxNCmd                              0x0800238d   Thumb Code    30  stm32f10x_tim.o(.text)
    TIM_SelectOCxM                           0x080023ab   Thumb Code    82  stm32f10x_tim.o(.text)
    TIM_UpdateDisableConfig                  0x080023fd   Thumb Code    24  stm32f10x_tim.o(.text)
    TIM_UpdateRequestConfig                  0x08002415   Thumb Code    24  stm32f10x_tim.o(.text)
    TIM_SelectHallSensor                     0x0800242d   Thumb Code    24  stm32f10x_tim.o(.text)
    TIM_SelectOnePulseMode                   0x08002445   Thumb Code    18  stm32f10x_tim.o(.text)
    TIM_SelectOutputTrigger                  0x08002457   Thumb Code    18  stm32f10x_tim.o(.text)
    TIM_SelectSlaveMode                      0x08002469   Thumb Code    18  stm32f10x_tim.o(.text)
    TIM_SelectMasterSlaveMode                0x0800247b   Thumb Code    18  stm32f10x_tim.o(.text)
    TIM_SetCounter                           0x0800248d   Thumb Code     4  stm32f10x_tim.o(.text)
    TIM_SetAutoreload                        0x08002491   Thumb Code     4  stm32f10x_tim.o(.text)
    TIM_SetCompare1                          0x08002495   Thumb Code     4  stm32f10x_tim.o(.text)
    TIM_SetCompare2                          0x08002499   Thumb Code     4  stm32f10x_tim.o(.text)
    TIM_SetCompare3                          0x0800249d   Thumb Code     4  stm32f10x_tim.o(.text)
    TIM_SetCompare4                          0x080024a1   Thumb Code     6  stm32f10x_tim.o(.text)
    TIM_SetClockDivision                     0x080024a7   Thumb Code    18  stm32f10x_tim.o(.text)
    TIM_GetCapture1                          0x080024b9   Thumb Code     6  stm32f10x_tim.o(.text)
    TIM_GetCapture2                          0x080024bf   Thumb Code     6  stm32f10x_tim.o(.text)
    TIM_GetCapture3                          0x080024c5   Thumb Code     6  stm32f10x_tim.o(.text)
    TIM_GetCapture4                          0x080024cb   Thumb Code     8  stm32f10x_tim.o(.text)
    TIM_GetCounter                           0x080024d3   Thumb Code     6  stm32f10x_tim.o(.text)
    TIM_GetPrescaler                         0x080024d9   Thumb Code     6  stm32f10x_tim.o(.text)
    TIM_GetFlagStatus                        0x080024df   Thumb Code    18  stm32f10x_tim.o(.text)
    TIM_ClearFlag                            0x080024f1   Thumb Code     6  stm32f10x_tim.o(.text)
    TIM_GetITStatus                          0x080024f7   Thumb Code    34  stm32f10x_tim.o(.text)
    TIM_ClearITPendingBit                    0x08002519   Thumb Code     6  stm32f10x_tim.o(.text)
    Switch_Init                              0x08002521   Thumb Code    56  led.o(.text)
    ADD_ON                                   0x08002559   Thumb Code    14  led.o(.text)
    ADD_OFF                                  0x08002567   Thumb Code    14  led.o(.text)
    REDUCE_ON                                0x08002575   Thumb Code    14  led.o(.text)
    REDUCE_OFF                               0x08002583   Thumb Code    16  led.o(.text)
    TEMP_ON                                  0x08002593   Thumb Code    14  led.o(.text)
    TEMP_OFF                                 0x080025a1   Thumb Code    14  led.o(.text)
    SWITCH1_ON                               0x080025af   Thumb Code    14  led.o(.text)
    SWITCH1_OFF                              0x080025bd   Thumb Code    14  led.o(.text)
    SWITCH2_ON                               0x080025cb   Thumb Code    14  led.o(.text)
    SWITCH2_OFF                              0x080025d9   Thumb Code    14  led.o(.text)
    AUTO_ON                                  0x080025e7   Thumb Code     8  led.o(.text)
    AUTO_OFF                                 0x080025ef   Thumb Code     8  led.o(.text)
    AUTO_FLAG                                0x080025f7   Thumb Code     6  led.o(.text)
    FEED                                     0x080025fd   Thumb Code    42  led.o(.text)
    check                                    0x08002627   Thumb Code   168  led.o(.text)
    Read_level                               0x080026cf   Thumb Code    74  led.o(.text)
    Hardware_Init                            0x08002719   Thumb Code   108  led.o(.text)
    Usart1_Init                              0x080027fd   Thumb Code   166  usart.o(.text)
    Usart3_Init                              0x080028a3   Thumb Code   164  usart.o(.text)
    Usart_SendString                         0x08002947   Thumb Code    50  usart.o(.text)
    UsartPrintf                              0x08002979   Thumb Code    72  usart.o(.text)
    USART1_IRQHandler                        0x080029c1   Thumb Code    24  usart.o(.text)
    DS18B20_Rst                              0x080029e9   Thumb Code    54  ds18b20.o(.text)
    DS18B20_Check                            0x08002a1f   Thumb Code    96  ds18b20.o(.text)
    DS18B20_Read_Bit                         0x08002a7f   Thumb Code    96  ds18b20.o(.text)
    DS18B20_Read_Byte                        0x08002adf   Thumb Code    34  ds18b20.o(.text)
    DS18B20_Write_Byte                       0x08002b01   Thumb Code   102  ds18b20.o(.text)
    DS18B20_Start                            0x08002b67   Thumb Code    24  ds18b20.o(.text)
    DS18B20_Init                             0x08002b7f   Thumb Code    62  ds18b20.o(.text)
    DS18B20_Get_Temp                         0x08002bbd   Thumb Code   136  ds18b20.o(.text)
    My_TIM3_Init                             0x08002c55   Thumb Code   130  pwm.o(.text)
    Delay_Init                               0x08002ce1   Thumb Code    48  delay.o(.text)
    DelayUs                                  0x08002d11   Thumb Code    60  delay.o(.text)
    DelayXms                                 0x08002d4d   Thumb Code    66  delay.o(.text)
    DelayMs                                  0x08002d8f   Thumb Code    60  delay.o(.text)
    delay_init                               0x08002dd5   Thumb Code    50  delay2.o(.text)
    delay_us                                 0x08002e07   Thumb Code    72  delay2.o(.text)
    delay_ms                                 0x08002e4f   Thumb Code    72  delay2.o(.text)
    ESP82662_Clear                           0x08002ea9   Thumb Code    20  esp82662.o(.text)
    esp82662_check_cmd                       0x08002ebd   Thumb Code    44  esp82662.o(.text)
    ESP82662_SendCmd                         0x08002ee9   Thumb Code    86  esp82662.o(.text)
    esp82662_quit_trans                      0x08002f3f   Thumb Code    98  esp82662.o(.text)
    ESP82662_Init                            0x08002fa1   Thumb Code    64  esp82662.o(.text)
    get_beijing_time                         0x08002fe1   Thumb Code   328  esp82662.o(.text)
    TIM2_Int_Init                            0x08003231   Thumb Code    92  timer2.o(.text)
    TIM2_IRQHandler                          0x0800328d   Thumb Code    32  timer2.o(.text)
    USART2_IRQHandler                        0x080032b1   Thumb Code    76  usart2.o(.text)
    usart2_init                              0x080032fd   Thumb Code   166  usart2.o(.text)
    u2_printf                                0x080033a3   Thumb Code    72  usart2.o(.text)
    mymemcpy                                 0x08003401   Thumb Code    26  malloc.o(.text)
    mymemset                                 0x0800341b   Thumb Code    20  malloc.o(.text)
    my_mem_init                              0x0800342f   Thumb Code    54  malloc.o(.text)
    my_mem_perused                           0x08003465   Thumb Code    54  malloc.o(.text)
    my_mem_malloc                            0x0800349b   Thumb Code   154  malloc.o(.text)
    my_mem_free                              0x08003535   Thumb Code    94  malloc.o(.text)
    myfree                                   0x08003593   Thumb Code    32  malloc.o(.text)
    mymalloc                                 0x080035b3   Thumb Code    36  malloc.o(.text)
    myrealloc                                0x080035d7   Thumb Code    68  malloc.o(.text)
    my_malloc                                0x0800361b   Thumb Code    32  malloc.o(.text)
    my_free                                  0x0800363b   Thumb Code    28  malloc.o(.text)
    ADCx_Init                                0x0800376b   Thumb Code    12  tds_adc.o(.text)
    TDS_Value_Conversion                     0x08003789   Thumb Code   470  tds.o(.text)
    TEMP_Value_Conversion                    0x0800395f   Thumb Code   170  tds.o(.text)
    pH_ADCx_Init                             0x08003a5d   Thumb Code   138  ph_adc.o(.text)
    Get_ADC                                  0x08003ae7   Thumb Code    46  ph_adc.o(.text)
    main                                     0x08003b1d   Thumb Code   216  main.o(.text)
    OneNet_DevLink                           0x08003c2d   Thumb Code   212  onenet.o(.text)
    OneNet_Ping                              0x08003d01   Thumb Code    80  onenet.o(.text)
    OneNet_FillBuf                           0x08003d51   Thumb Code   568  onenet.o(.text)
    OneNet_SendData                          0x08003f89   Thumb Code   768  onenet.o(.text)
    OneNet_RevPro                            0x08004289   Thumb Code   596  onenet.o(.text)
    MQTT_NewBuffer                           0x080045e5   Thumb Code    88  mqttkit.o(.text)
    MQTT_DeleteBuffer                        0x0800463d   Thumb Code    28  mqttkit.o(.text)
    MQTT_DumpLength                          0x08004659   Thumb Code    46  mqttkit.o(.text)
    MQTT_ReadLength                          0x08004687   Thumb Code    70  mqttkit.o(.text)
    MQTT_UnPacketRecv                        0x080046cd   Thumb Code   106  mqttkit.o(.text)
    MQTT_PacketConnect                       0x08004737   Thumb Code   666  mqttkit.o(.text)
    MQTT_PacketDisConnect                    0x080049d1   Thumb Code    48  mqttkit.o(.text)
    MQTT_UnPacketConnectAck                  0x08004a01   Thumb Code    30  mqttkit.o(.text)
    MQTT_PacketPublish                       0x08004a1f   Thumb Code   318  mqttkit.o(.text)
    MQTT_PacketSaveData                      0x08004b5d   Thumb Code    88  mqttkit.o(.text)
    MQTT_UnPacketCmd                         0x08004bb5   Thumb Code   140  mqttkit.o(.text)
    MQTT_PacketCmdResp                       0x08004c41   Thumb Code   132  mqttkit.o(.text)
    MQTT_PacketSubscribe                     0x08004cc5   Thumb Code   254  mqttkit.o(.text)
    MQTT_UnPacketSubscribe                   0x08004dc3   Thumb Code    52  mqttkit.o(.text)
    MQTT_PacketUnSubscribe                   0x08004df7   Thumb Code   238  mqttkit.o(.text)
    MQTT_UnPacketUnSubscribe                 0x08004ee5   Thumb Code    18  mqttkit.o(.text)
    MQTT_UnPacketPublish                     0x08004ef7   Thumb Code   454  mqttkit.o(.text)
    MQTT_PacketPublishAck                    0x080050bd   Thumb Code    72  mqttkit.o(.text)
    MQTT_UnPacketPublishAck                  0x08005105   Thumb Code    30  mqttkit.o(.text)
    MQTT_PacketPublishRec                    0x08005123   Thumb Code    72  mqttkit.o(.text)
    MQTT_UnPacketPublishRec                  0x0800516b   Thumb Code    30  mqttkit.o(.text)
    MQTT_PacketPublishRel                    0x08005189   Thumb Code    72  mqttkit.o(.text)
    MQTT_UnPacketPublishRel                  0x080051d1   Thumb Code    36  mqttkit.o(.text)
    MQTT_PacketPublishComp                   0x080051f5   Thumb Code    72  mqttkit.o(.text)
    MQTT_UnPacketPublishComp                 0x0800523d   Thumb Code    30  mqttkit.o(.text)
    MQTT_PacketPing                          0x0800525b   Thumb Code    48  mqttkit.o(.text)
    ESP8266_Clear                            0x0800528d   Thumb Code    18  esp8266.o(.text)
    ESP8266_WaitRecive                       0x0800529f   Thumb Code    42  esp8266.o(.text)
    ESP8266_SendCmd                          0x080052c9   Thumb Code    76  esp8266.o(.text)
    ESP8266_SendData                         0x08005315   Thumb Code    46  esp8266.o(.text)
    ESP8266_GetIPD                           0x08005343   Thumb Code    68  esp8266.o(.text)
    ESP8266_Init                             0x08005387   Thumb Code   236  esp8266.o(.text)
    USART3_IRQHandler                        0x08005473   Thumb Code    62  esp8266.o(.text)
    __aeabi_memcpy                           0x080055c1   Thumb Code    36  memcpya.o(.text)
    __aeabi_memcpy4                          0x080055c1   Thumb Code     0  memcpya.o(.text)
    __aeabi_memcpy8                          0x080055c1   Thumb Code     0  memcpya.o(.text)
    __aeabi_memset                           0x080055e5   Thumb Code    14  memseta.o(.text)
    __aeabi_memset4                          0x080055e5   Thumb Code     0  memseta.o(.text)
    __aeabi_memset8                          0x080055e5   Thumb Code     0  memseta.o(.text)
    __aeabi_memclr                           0x080055f3   Thumb Code     4  memseta.o(.text)
    __aeabi_memclr4                          0x080055f3   Thumb Code     0  memseta.o(.text)
    __aeabi_memclr8                          0x080055f3   Thumb Code     0  memseta.o(.text)
    _memset$wrapper                          0x080055f7   Thumb Code    18  memseta.o(.text)
    strcat                                   0x08005609   Thumb Code    24  strcat.o(.text)
    strstr                                   0x08005621   Thumb Code    36  strstr.o(.text)
    strchr                                   0x08005645   Thumb Code    20  strchr.o(.text)
    strlen                                   0x08005659   Thumb Code    14  strlen.o(.text)
    strncat                                  0x08005667   Thumb Code    40  strncat.o(.text)
    strtok                                   0x08005691   Thumb Code    62  strtok.o(.text)
    atoi                                     0x080056d5   Thumb Code    26  atoi.o(.text)
    __aeabi_fdiv                             0x080056ef   Thumb Code   124  fdiv.o(.text)
    __aeabi_dadd                             0x0800576b   Thumb Code   322  dadd.o(.text)
    __aeabi_dsub                             0x080058ad   Thumb Code     6  dadd.o(.text)
    __aeabi_drsub                            0x080058b3   Thumb Code     6  dadd.o(.text)
    __aeabi_dmul                             0x080058b9   Thumb Code   228  dmul.o(.text)
    __aeabi_ddiv                             0x0800599d   Thumb Code   222  ddiv.o(.text)
    __aeabi_i2f                              0x08005a7b   Thumb Code    18  fflti.o(.text)
    __aeabi_ui2f                             0x08005a8d   Thumb Code    10  ffltui.o(.text)
    __aeabi_i2d                              0x08005a97   Thumb Code    34  dflti.o(.text)
    __aeabi_f2iz                             0x08005ab9   Thumb Code    50  ffixi.o(.text)
    __aeabi_d2iz                             0x08005aeb   Thumb Code    62  dfixi.o(.text)
    __aeabi_f2d                              0x08005b29   Thumb Code    38  f2d.o(.text)
    __aeabi_cdcmpeq                          0x08005b51   Thumb Code     0  cdcmple.o(.text)
    __aeabi_cdcmple                          0x08005b51   Thumb Code    48  cdcmple.o(.text)
    __aeabi_cdrcmple                         0x08005b81   Thumb Code    48  cdrcmple.o(.text)
    __aeabi_d2f                              0x08005bb1   Thumb Code    56  d2f.o(.text)
    __aeabi_cfcmpeq                          0x08005be9   Thumb Code     0  cfcmple.o(.text)
    __aeabi_cfcmple                          0x08005be9   Thumb Code    20  cfcmple.o(.text)
    __aeabi_cfrcmple                         0x08005bfd   Thumb Code    20  cfrcmple.o(.text)
    __aeabi_uidiv                            0x08005c11   Thumb Code     0  uidiv.o(.text)
    __aeabi_uidivmod                         0x08005c11   Thumb Code    44  uidiv.o(.text)
    __aeabi_uldivmod                         0x08005c3d   Thumb Code    98  uldiv.o(.text)
    __aeabi_llsl                             0x08005c9f   Thumb Code    30  llshl.o(.text)
    _ll_shift_l                              0x08005c9f   Thumb Code     0  llshl.o(.text)
    __aeabi_llsr                             0x08005cbd   Thumb Code    32  llushr.o(.text)
    _ll_ushift_r                             0x08005cbd   Thumb Code     0  llushr.o(.text)
    __aeabi_lasr                             0x08005cdd   Thumb Code    36  llsshr.o(.text)
    _ll_sshift_r                             0x08005cdd   Thumb Code     0  llsshr.o(.text)
    strtol                                   0x08005d01   Thumb Code   112  strtol.o(.text)
    __I$use$fp                               0x08005d71   Thumb Code     0  iusefp.o(.text)
    _float_round                             0x08005d71   Thumb Code    18  fepilogue.o(.text)
    _float_epilogue                          0x08005d83   Thumb Code    92  fepilogue.o(.text)
    _double_round                            0x08005ddf   Thumb Code    30  depilogue.o(.text)
    _double_epilogue                         0x08005dfd   Thumb Code   156  depilogue.o(.text)
    __aeabi_d2ulz                            0x08005e99   Thumb Code    48  dfixul.o(.text)
    __scatterload                            0x08005ec9   Thumb Code    28  init.o(.text)
    __scatterload_rt2                        0x08005ec9   Thumb Code     0  init.o(.text)
    __rt_ctype_table                         0x08005eed   Thumb Code     4  ctype_o.o(.text)
    _strtoul                                 0x08005ef5   Thumb Code   158  _strtoul.o(.text)
    _chval                                   0x08005f93   Thumb Code    28  _chval.o(.text)
    __0sprintf                               0x08005fb1   Thumb Code    34  printfa.o(i.__0sprintf)
    __1sprintf                               0x08005fb1   Thumb Code     0  printfa.o(i.__0sprintf)
    __2sprintf                               0x08005fb1   Thumb Code     0  printfa.o(i.__0sprintf)
    __c89sprintf                             0x08005fb1   Thumb Code     0  printfa.o(i.__0sprintf)
    sprintf                                  0x08005fb1   Thumb Code     0  printfa.o(i.__0sprintf)
    __0vsnprintf                             0x08005fd9   Thumb Code    40  printfa.o(i.__0vsnprintf)
    __1vsnprintf                             0x08005fd9   Thumb Code     0  printfa.o(i.__0vsnprintf)
    __2vsnprintf                             0x08005fd9   Thumb Code     0  printfa.o(i.__0vsnprintf)
    __c89vsnprintf                           0x08005fd9   Thumb Code     0  printfa.o(i.__0vsnprintf)
    vsnprintf                                0x08005fd9   Thumb Code     0  printfa.o(i.__0vsnprintf)
    __0vsprintf                              0x08006005   Thumb Code    30  printfa.o(i.__0vsprintf)
    __1vsprintf                              0x08006005   Thumb Code     0  printfa.o(i.__0vsprintf)
    __2vsprintf                              0x08006005   Thumb Code     0  printfa.o(i.__0vsprintf)
    __c89vsprintf                            0x08006005   Thumb Code     0  printfa.o(i.__0vsprintf)
    vsprintf                                 0x08006005   Thumb Code     0  printfa.o(i.__0vsprintf)
    __aeabi_errno_addr                       0x08006029   Thumb Code     4  errno.o(i.__aeabi_errno_addr)
    __rt_errno_addr                          0x08006029   Thumb Code     0  errno.o(i.__aeabi_errno_addr)
    __scatterload_copy                       0x08006031   Thumb Code    14  handlers.o(i.__scatterload_copy)
    __scatterload_null                       0x0800603f   Thumb Code     2  handlers.o(i.__scatterload_null)
    __scatterload_zeroinit                   0x08006041   Thumb Code    14  handlers.o(i.__scatterload_zeroinit)
    free                                     0x08006925   Thumb Code    76  malloc.o(i.free)
    malloc                                   0x08006975   Thumb Code    92  malloc.o(i.malloc)
    memtblsize                               0x080069e0   Data           8  malloc.o(.constdata)
    memblksize                               0x080069e8   Data           8  malloc.o(.constdata)
    memsize                                  0x080069f0   Data           8  malloc.o(.constdata)
    __ctype_table                            0x080069f8   Data         129  ctype_o.o(.constdata)
    Region$$Table$$Base                      0x08006a80   Number         0  anon$$obj.o(Region$$Table)
    Region$$Table$$Limit                     0x08006aa0   Number         0  anon$$obj.o(Region$$Table)
    SystemCoreClock                          0x20000000   Data           4  system_stm32f10x.o(.data)
    AHBPrescTable                            0x20000004   Data          16  system_stm32f10x.o(.data)
    auto1                                    0x20000028   Data           4  led.o(.data)
    temp1                                    0x2000002c   Data           4  led.o(.data)
    reduce_water                             0x20000030   Data           4  led.o(.data)
    feed1                                    0x20000034   Data           4  led.o(.data)
    add_water                                0x20000038   Data           4  led.o(.data)
    auto_flag                                0x2000003c   Data           4  led.o(.data)
    feed_flag                                0x20000040   Data           4  led.o(.data)
    flag                                     0x20000044   Data           4  led.o(.data)
    switch1                                  0x20000048   Data           4  led.o(.data)
    switch2                                  0x2000004c   Data           4  led.o(.data)
    t1                                       0x20000050   Data           4  led.o(.data)
    t2                                       0x20000054   Data           4  led.o(.data)
    UsCount                                  0x20000058   Data           1  delay.o(.data)
    MsCount                                  0x2000005a   Data           2  delay.o(.data)
    esp82662_cnt                             0x20000060   Data           2  esp82662.o(.data)
    esp82662_cntPre                          0x20000062   Data           2  esp82662.o(.data)
    nwt                                      0x20000064   Data           8  esp82662.o(.data)
    USART2_RX_STA                            0x2000006c   Data           2  usart2.o(.data)
    mallco_dev                               0x20000070   Data          28  malloc.o(.data)
    ADC_ConvertedValue                       0x2000008c   Data           2  tds_adc.o(.data)
    GPIO_InitStructure                       0x20000090   Data           4  tds.o(.data)
    AD_CHANNEL                               0x20000094   Data           1  tds.o(.data)
    PH_num                                   0x20000098   Data           4  tds.o(.data)
    PU_V                                     0x2000009c   Data           4  tds.o(.data)
    PH_Value                                 0x200000a0   Data           4  tds.o(.data)
    ph_temp                                  0x200000a4   Data           1  tds.o(.data)
    tu_temp                                  0x200000a5   Data           1  tds.o(.data)
    ph_result                                0x200000a6   Data           2  tds.o(.data)
    tu_result                                0x200000a8   Data           2  tds.o(.data)
    adc_1                                    0x200000aa   Data           2  tds.o(.data)
    adc_2                                    0x200000ac   Data           2  tds.o(.data)
    adc_v_1                                  0x200000ae   Data           2  tds.o(.data)
    adc_v_2                                  0x200000b0   Data           2  tds.o(.data)
    TDS                                      0x200000b4   Data           4  tds.o(.data)
    TDS_voltage                              0x200000b8   Data           4  tds.o(.data)
    TDS_value                                0x200000bc   Data           4  tds.o(.data)
    voltage_value                            0x200000c0   Data           4  tds.o(.data)
    temp_data                                0x200000c4   Data           4  tds.o(.data)
    compensationCoefficient                  0x200000c8   Data           4  tds.o(.data)
    compensationVolatge                      0x200000cc   Data           4  tds.o(.data)
    kValue                                   0x200000d0   Data           4  tds.o(.data)
    ADC_ConvertedValueLocal                  0x200000d4   Data           4  tds.o(.data)
    hour                                     0x200000d8   Data           4  main.o(.data)
    min                                      0x200000dc   Data           4  main.o(.data)
    sec                                      0x200000e0   Data           4  main.o(.data)
    TEMP                                     0x200000e4   Data           4  onenet.o(.data)
    pH_value                                 0x200000e8   Data           4  onenet.o(.data)
    time                                     0x200000ec   Data           4  onenet.o(.data)
    esp8266_cnt                              0x200000f0   Data           2  esp8266.o(.data)
    esp8266_cntPre                           0x200000f2   Data           2  esp8266.o(.data)
    __microlib_freelist                      0x200000f8   Data           4  mvars.o(.data)
    __microlib_freelist_initialised          0x200000fc   Data           4  mvars.o(.data)
    USART2_RX_BUF                            0x20000104   Data         600  usart2.o(.bss)
    USART2_TX_BUF                            0x2000035c   Data         600  usart2.o(.bss)
    mem1base                                 0x200005c0   Data       16384  malloc.o(.bss)
    mem1mapbase                              0x200045c0   Data         512  malloc.o(.bss)
    Tx                                       0x200047c0   Data          20  tds.o(.bss)
    esp8266_buf                              0x200047d4   Data         128  esp8266.o(.bss)
    __heap_base                              0x20004858   Data           0  startup_stm32f10x_hd.o(HEAP)
    __heap_limit                             0x20004a58   Data           0  startup_stm32f10x_hd.o(HEAP)
    __initial_sp                             0x20004e58   Data           0  startup_stm32f10x_hd.o(STACK)
    mem2base                                 0x68000000   Data          32  malloc.o(.ARM.__AT_0x68000000)
    mem2mapbase                              0x68000020   Data           2  malloc.o(.ARM.__AT_0x68000020)



==============================================================================

Memory Map of the image

  Image Entry point : 0x08000131

  Load Region LR_IROM1 (Base: 0x08000000, Size: 0x00006ba4, Max: 0x00010000, ABSOLUTE)

    Execution Region ER_IROM1 (Exec base: 0x08000000, Load base: 0x08000000, Size: 0x00006aa0, Max: 0x00010000, ABSOLUTE)

    Exec Addr    Load Addr    Size         Type   Attr      Idx    E Section Name        Object

    0x08000000   0x08000000   0x00000130   Data   RO          225    RESET               startup_stm32f10x_hd.o
    0x08000130   0x08000130   0x00000000   Code   RO          879  * .ARM.Collect$$$$00000000  mc_w.l(entry.o)
    0x08000130   0x08000130   0x00000004   Code   RO         1258    .ARM.Collect$$$$00000001  mc_w.l(entry2.o)
    0x08000134   0x08000134   0x00000004   Code   RO         1261    .ARM.Collect$$$$00000004  mc_w.l(entry5.o)
    0x08000138   0x08000138   0x00000000   Code   RO         1263    .ARM.Collect$$$$00000008  mc_w.l(entry7b.o)
    0x08000138   0x08000138   0x00000000   Code   RO         1265    .ARM.Collect$$$$0000000A  mc_w.l(entry8b.o)
    0x08000138   0x08000138   0x00000008   Code   RO         1266    .ARM.Collect$$$$0000000B  mc_w.l(entry9a.o)
    0x08000140   0x08000140   0x00000000   Code   RO         1268    .ARM.Collect$$$$0000000D  mc_w.l(entry10a.o)
    0x08000140   0x08000140   0x00000000   Code   RO         1270    .ARM.Collect$$$$0000000F  mc_w.l(entry11a.o)
    0x08000140   0x08000140   0x00000004   Code   RO         1259    .ARM.Collect$$$$00002712  mc_w.l(entry2.o)
    0x08000144   0x08000144   0x00000134   Code   RO           17    .text               stm32f10x_it.o
    0x08000278   0x08000278   0x000001e0   Code   RO          205    .text               system_stm32f10x.o
    0x08000458   0x08000458   0x00000024   Code   RO          226    .text               startup_stm32f10x_hd.o
    0x0800047c   0x0800047c   0x000000dc   Code   RO          230    .text               misc.o
    0x08000558   0x08000558   0x0000035c   Code   RO          268    .text               stm32f10x_gpio.o
    0x080008b4   0x080008b4   0x000003a4   Code   RO          280    .text               stm32f10x_rcc.o
    0x08000c58   0x08000c58   0x00000408   Code   RO          294    .text               stm32f10x_usart.o
    0x08001060   0x08001060   0x0000044e   Code   RO          306    .text               stm32f10x_adc.o
    0x080014ae   0x080014ae   0x00000002   PAD
    0x080014b0   0x080014b0   0x00000254   Code   RO          390    .text               stm32f10x_dma.o
    0x08001704   0x08001704   0x00000e1a   Code   RO          510    .text               stm32f10x_tim.o
    0x0800251e   0x0800251e   0x00000002   PAD
    0x08002520   0x08002520   0x000002dc   Code   RO          534    .text               led.o
    0x080027fc   0x080027fc   0x000001ec   Code   RO          562    .text               usart.o
    0x080029e8   0x080029e8   0x0000026c   Code   RO          581    .text               ds18b20.o
    0x08002c54   0x08002c54   0x0000008c   Code   RO          593    .text               pwm.o
    0x08002ce0   0x08002ce0   0x000000f4   Code   RO          605    .text               delay.o
    0x08002dd4   0x08002dd4   0x000000d4   Code   RO          642    .text               delay2.o
    0x08002ea8   0x08002ea8   0x00000388   Code   RO          656    .text               esp82662.o
    0x08003230   0x08003230   0x00000080   Code   RO          671    .text               timer2.o
    0x080032b0   0x080032b0   0x00000150   Code   RO          683    .text               usart2.o
    0x08003400   0x08003400   0x00000268   Code   RO          702    .text               malloc.o
    0x08003668   0x08003668   0x00000120   Code   RO          724    .text               tds_adc.o
    0x08003788   0x08003788   0x000002d4   Code   RO          739    .text               tds.o
    0x08003a5c   0x08003a5c   0x000000c0   Code   RO          756    .text               ph_adc.o
    0x08003b1c   0x08003b1c   0x00000110   Code   RO          768    .text               main.o
    0x08003c2c   0x08003c2c   0x000009b8   Code   RO          806    .text               onenet.o
    0x080045e4   0x080045e4   0x00000ca6   Code   RO          825    .text               mqttkit.o
    0x0800528a   0x0800528a   0x00000002   PAD
    0x0800528c   0x0800528c   0x00000334   Code   RO          849    .text               esp8266.o
    0x080055c0   0x080055c0   0x00000024   Code   RO          884    .text               mc_w.l(memcpya.o)
    0x080055e4   0x080055e4   0x00000024   Code   RO          886    .text               mc_w.l(memseta.o)
    0x08005608   0x08005608   0x00000018   Code   RO          888    .text               mc_w.l(strcat.o)
    0x08005620   0x08005620   0x00000024   Code   RO          890    .text               mc_w.l(strstr.o)
    0x08005644   0x08005644   0x00000014   Code   RO          892    .text               mc_w.l(strchr.o)
    0x08005658   0x08005658   0x0000000e   Code   RO          894    .text               mc_w.l(strlen.o)
    0x08005666   0x08005666   0x00000028   Code   RO          896    .text               mc_w.l(strncat.o)
    0x0800568e   0x0800568e   0x00000002   PAD
    0x08005690   0x08005690   0x00000044   Code   RO          902    .text               mc_w.l(strtok.o)
    0x080056d4   0x080056d4   0x0000001a   Code   RO         1199    .text               mc_w.l(atoi.o)
    0x080056ee   0x080056ee   0x0000007c   Code   RO         1201    .text               mf_w.l(fdiv.o)
    0x0800576a   0x0800576a   0x0000014e   Code   RO         1203    .text               mf_w.l(dadd.o)
    0x080058b8   0x080058b8   0x000000e4   Code   RO         1205    .text               mf_w.l(dmul.o)
    0x0800599c   0x0800599c   0x000000de   Code   RO         1207    .text               mf_w.l(ddiv.o)
    0x08005a7a   0x08005a7a   0x00000012   Code   RO         1209    .text               mf_w.l(fflti.o)
    0x08005a8c   0x08005a8c   0x0000000a   Code   RO         1211    .text               mf_w.l(ffltui.o)
    0x08005a96   0x08005a96   0x00000022   Code   RO         1213    .text               mf_w.l(dflti.o)
    0x08005ab8   0x08005ab8   0x00000032   Code   RO         1215    .text               mf_w.l(ffixi.o)
    0x08005aea   0x08005aea   0x0000003e   Code   RO         1217    .text               mf_w.l(dfixi.o)
    0x08005b28   0x08005b28   0x00000026   Code   RO         1219    .text               mf_w.l(f2d.o)
    0x08005b4e   0x08005b4e   0x00000002   PAD
    0x08005b50   0x08005b50   0x00000030   Code   RO         1221    .text               mf_w.l(cdcmple.o)
    0x08005b80   0x08005b80   0x00000030   Code   RO         1223    .text               mf_w.l(cdrcmple.o)
    0x08005bb0   0x08005bb0   0x00000038   Code   RO         1225    .text               mf_w.l(d2f.o)
    0x08005be8   0x08005be8   0x00000014   Code   RO         1227    .text               mf_w.l(cfcmple.o)
    0x08005bfc   0x08005bfc   0x00000014   Code   RO         1229    .text               mf_w.l(cfrcmple.o)
    0x08005c10   0x08005c10   0x0000002c   Code   RO         1275    .text               mc_w.l(uidiv.o)
    0x08005c3c   0x08005c3c   0x00000062   Code   RO         1277    .text               mc_w.l(uldiv.o)
    0x08005c9e   0x08005c9e   0x0000001e   Code   RO         1279    .text               mc_w.l(llshl.o)
    0x08005cbc   0x08005cbc   0x00000020   Code   RO         1281    .text               mc_w.l(llushr.o)
    0x08005cdc   0x08005cdc   0x00000024   Code   RO         1283    .text               mc_w.l(llsshr.o)
    0x08005d00   0x08005d00   0x00000070   Code   RO         1294    .text               mc_w.l(strtol.o)
    0x08005d70   0x08005d70   0x00000000   Code   RO         1296    .text               mc_w.l(iusefp.o)
    0x08005d70   0x08005d70   0x0000006e   Code   RO         1297    .text               mf_w.l(fepilogue.o)
    0x08005dde   0x08005dde   0x000000ba   Code   RO         1299    .text               mf_w.l(depilogue.o)
    0x08005e98   0x08005e98   0x00000030   Code   RO         1303    .text               mf_w.l(dfixul.o)
    0x08005ec8   0x08005ec8   0x00000024   Code   RO         1305    .text               mc_w.l(init.o)
    0x08005eec   0x08005eec   0x00000008   Code   RO         1308    .text               mc_w.l(ctype_o.o)
    0x08005ef4   0x08005ef4   0x0000009e   Code   RO         1336    .text               mc_w.l(_strtoul.o)
    0x08005f92   0x08005f92   0x0000001c   Code   RO         1341    .text               mc_w.l(_chval.o)
    0x08005fae   0x08005fae   0x00000002   PAD
    0x08005fb0   0x08005fb0   0x00000028   Code   RO         1145    i.__0sprintf        mc_w.l(printfa.o)
    0x08005fd8   0x08005fd8   0x0000002c   Code   RO         1148    i.__0vsnprintf      mc_w.l(printfa.o)
    0x08006004   0x08006004   0x00000024   Code   RO         1149    i.__0vsprintf       mc_w.l(printfa.o)
    0x08006028   0x08006028   0x00000008   Code   RO         1287    i.__aeabi_errno_addr  mc_w.l(errno.o)
    0x08006030   0x08006030   0x0000000e   Code   RO         1345    i.__scatterload_copy  mc_w.l(handlers.o)
    0x0800603e   0x0800603e   0x00000002   Code   RO         1346    i.__scatterload_null  mc_w.l(handlers.o)
    0x08006040   0x08006040   0x0000000e   Code   RO         1347    i.__scatterload_zeroinit  mc_w.l(handlers.o)
    0x0800604e   0x0800604e   0x00000002   PAD
    0x08006050   0x08006050   0x00000184   Code   RO         1150    i._fp_digits        mc_w.l(printfa.o)
    0x080061d4   0x080061d4   0x000006dc   Code   RO         1151    i._printf_core      mc_w.l(printfa.o)
    0x080068b0   0x080068b0   0x00000024   Code   RO         1152    i._printf_post_padding  mc_w.l(printfa.o)
    0x080068d4   0x080068d4   0x0000002e   Code   RO         1153    i._printf_pre_padding  mc_w.l(printfa.o)
    0x08006902   0x08006902   0x00000016   Code   RO         1154    i._snputc           mc_w.l(printfa.o)
    0x08006918   0x08006918   0x0000000a   Code   RO         1155    i._sputc            mc_w.l(printfa.o)
    0x08006922   0x08006922   0x00000002   PAD
    0x08006924   0x08006924   0x00000050   Code   RO         1171    i.free              mc_w.l(malloc.o)
    0x08006974   0x08006974   0x0000006c   Code   RO         1172    i.malloc            mc_w.l(malloc.o)
    0x080069e0   0x080069e0   0x00000018   Data   RO          706    .constdata          malloc.o
    0x080069f8   0x080069f8   0x00000081   Data   RO         1309    .constdata          mc_w.l(ctype_o.o)
    0x08006a79   0x08006a79   0x00000003   PAD
    0x08006a7c   0x08006a7c   0x00000004   Data   RO         1310    .constdata          mc_w.l(ctype_o.o)
    0x08006a80   0x08006a80   0x00000020   Data   RO         1343    Region$$Table       anon$$obj.o


    Execution Region RW_IRAM1 (Exec base: 0x20000000, Load base: 0x08006aa0, Size: 0x00004e58, Max: 0x00005000, ABSOLUTE)

    Exec Addr    Load Addr    Size         Type   Attr      Idx    E Section Name        Object

    0x20000000   0x08006aa0   0x00000014   Data   RW          206    .data               system_stm32f10x.o
    0x20000014   0x08006ab4   0x00000014   Data   RW          281    .data               stm32f10x_rcc.o
    0x20000028   0x08006ac8   0x00000030   Data   RW          535    .data               led.o
    0x20000058   0x08006af8   0x00000004   Data   RW          606    .data               delay.o
    0x2000005c   0x08006afc   0x00000004   Data   RW          643    .data               delay2.o
    0x20000060   0x08006b00   0x0000000c   Data   RW          657    .data               esp82662.o
    0x2000006c   0x08006b0c   0x00000002   Data   RW          685    .data               usart2.o
    0x2000006e   0x08006b0e   0x00000002   PAD
    0x20000070   0x08006b10   0x0000001c   Data   RW          707    .data               malloc.o
    0x2000008c   0x08006b2c   0x00000002   Data   RW          725    .data               tds_adc.o
    0x2000008e   0x08006b2e   0x00000002   PAD
    0x20000090   0x08006b30   0x00000048   Data   RW          741    .data               tds.o
    0x200000d8   0x08006b78   0x0000000c   Data   RW          769    .data               main.o
    0x200000e4   0x08006b84   0x0000000c   Data   RW          807    .data               onenet.o
    0x200000f0   0x08006b90   0x00000004   Data   RW          851    .data               esp8266.o
    0x200000f4   0x08006b94   0x00000004   Data   RW          903    .data               mc_w.l(strtok.o)
    0x200000f8   0x08006b98   0x00000004   Data   RW         1285    .data               mc_w.l(mvars.o)
    0x200000fc   0x08006b9c   0x00000004   Data   RW         1286    .data               mc_w.l(mvars.o)
    0x20000100   0x08006ba0   0x00000004   Data   RW         1290    .data               mc_w.l(errno.o)
    0x20000104        -       0x000004b0   Zero   RW          684    .bss                usart2.o
    0x200005b4   0x08006ba4   0x0000000c   PAD
    0x200005c0        -       0x00004200   Zero   RW          705    .bss                malloc.o
    0x200047c0        -       0x00000014   Zero   RW          740    .bss                tds.o
    0x200047d4        -       0x00000080   Zero   RW          850    .bss                esp8266.o
    0x20004854   0x08006ba4   0x00000004   PAD
    0x20004858        -       0x00000200   Zero   RW          224    HEAP                startup_stm32f10x_hd.o
    0x20004a58        -       0x00000400   Zero   RW          223    STACK               startup_stm32f10x_hd.o



  Load Region LR$$.ARM.__AT_0x68000000 (Base: 0x68000000, Size: 0x00000000, Max: 0x00000020, ABSOLUTE)

    Execution Region ER$$.ARM.__AT_0x68000000 (Exec base: 0x68000000, Load base: 0x68000000, Size: 0x00000020, Max: 0x00000020, ABSOLUTE, UNINIT)

    Exec Addr    Load Addr    Size         Type   Attr      Idx    E Section Name        Object

    0x68000000        -       0x00000020   Zero   RW          703    .ARM.__AT_0x68000000  malloc.o



  Load Region LR$$.ARM.__AT_0x68000020 (Base: 0x68000020, Size: 0x00000000, Max: 0x00000004, ABSOLUTE)

    Execution Region ER$$.ARM.__AT_0x68000020 (Exec base: 0x68000020, Load base: 0x68000020, Size: 0x00000004, Max: 0x00000004, ABSOLUTE, UNINIT)

    Exec Addr    Load Addr    Size         Type   Attr      Idx    E Section Name        Object

    0x68000020        -       0x00000002   Zero   RW          704    .ARM.__AT_0x68000020  malloc.o


==============================================================================

Image component sizes


      Code (inc. data)   RO Data    RW Data    ZI Data      Debug   Object Name

         0          0          0          0          0       4532   core_cm3.o
       244         10          0          4          0       1476   delay.o
       212         18          0          4          0       1043   delay2.o
       620         16          0          0          0       2210   ds18b20.o
       820        272          0          4        128       2819   esp8266.o
       904        264          0         12          0       2739   esp82662.o
       732        120          0         48          0       4407   led.o
       272         56          0         12          0        922   main.o
       616         18         24         28      16930       5198   malloc.o
       220         22          0          0          0     214129   misc.o
      3238         26          0          0          0      14232   mqttkit.o
      2488        904          0         12          0       3399   onenet.o
       192          8          0          0          0        807   ph_adc.o
       140         10          0          0          0        719   pwm.o
        36          8        304          0       1536        804   startup_stm32f10x_hd.o
      1102         26          0          0          0      10985   stm32f10x_adc.o
       596          8          0          0          0       4314   stm32f10x_dma.o
       860         38          0          0          0       5681   stm32f10x_gpio.o
       308        248          0          0          0      56475   stm32f10x_it.o
       932         36          0         20          0       8852   stm32f10x_rcc.o
      3610         88          0          0          0      22788   stm32f10x_tim.o
      1032         22          0          0          0       8408   stm32f10x_usart.o
       480         38          0         20          0       1779   system_stm32f10x.o
       724         84          0         72         20       2223   tds.o
       288         18          0          2          0       1501   tds_adc.o
       128          4          0          0          0        788   timer2.o
       492         16          0          0          0       2909   usart.o
       336         22          0          2       1200       1810   usart2.o

    ----------------------------------------------------------------------
     21628       2400        360        244      19832     387949   Object Totals
         0          0         32          0          0          0   (incl. Generated)
         6          0          0          4         18          0   (incl. Padding)

    ----------------------------------------------------------------------

      Code (inc. data)   RO Data    RW Data    ZI Data      Debug   Library Member Name

        28          0          0          0          0         68   _chval.o
       158          0          0          0          0         92   _strtoul.o
        26          0          0          0          0         80   atoi.o
         8          4        133          0          0         68   ctype_o.o
         0          0          0          0          0          0   entry.o
         0          0          0          0          0          0   entry10a.o
         0          0          0          0          0          0   entry11a.o
         8          4          0          0          0          0   entry2.o
         4          0          0          0          0          0   entry5.o
         0          0          0          0          0          0   entry7b.o
         0          0          0          0          0          0   entry8b.o
         8          4          0          0          0          0   entry9a.o
         8          4          0          4          0         68   errno.o
        30          0          0          0          0          0   handlers.o
        36          8          0          0          0         68   init.o
         0          0          0          0          0          0   iusefp.o
        30          0          0          0          0         68   llshl.o
        36          0          0          0          0         68   llsshr.o
        32          0          0          0          0         68   llushr.o
       188         20          0          0          0        160   malloc.o
        36          0          0          0          0         68   memcpya.o
        36          0          0          0          0        108   memseta.o
         0          0          0          8          0          0   mvars.o
      2378         96          0          0          0        748   printfa.o
        24          0          0          0          0         68   strcat.o
        20          0          0          0          0         68   strchr.o
        14          0          0          0          0         68   strlen.o
        40          0          0          0          0         76   strncat.o
        36          0          0          0          0         80   strstr.o
        68          6          0          4          0         80   strtok.o
       112          0          0          0          0         88   strtol.o
        44          0          0          0          0         80   uidiv.o
        98          0          0          0          0         92   uldiv.o
        48          0          0          0          0         68   cdcmple.o
        48          0          0          0          0         68   cdrcmple.o
        20          0          0          0          0         68   cfcmple.o
        20          0          0          0          0         68   cfrcmple.o
        56          0          0          0          0         88   d2f.o
       334          0          0          0          0        148   dadd.o
       222          0          0          0          0        100   ddiv.o
       186          0          0          0          0        176   depilogue.o
        62          0          0          0          0         80   dfixi.o
        48          0          0          0          0         68   dfixul.o
        34          0          0          0          0         76   dflti.o
       228          0          0          0          0         96   dmul.o
        38          0          0          0          0         68   f2d.o
       124          0          0          0          0         88   fdiv.o
       110          0          0          0          0        168   fepilogue.o
        50          0          0          0          0         68   ffixi.o
        18          0          0          0          0         68   fflti.o
        10          0          0          0          0         68   ffltui.o

    ----------------------------------------------------------------------
      5172        146        136         16          0       4064   Library Totals
        10          0          3          0          0          0   (incl. Padding)

    ----------------------------------------------------------------------

      Code (inc. data)   RO Data    RW Data    ZI Data      Debug   Library Name

      3506        146        133         16          0       2432   mc_w.l
      1656          0          0          0          0       1632   mf_w.l

    ----------------------------------------------------------------------
      5172        146        136         16          0       4064   Library Totals

    ----------------------------------------------------------------------

==============================================================================


      Code (inc. data)   RO Data    RW Data    ZI Data      Debug   

     26800       2546        496        260      19832     387537   Grand Totals
     26800       2546        496        260      19832     387537   ELF Image Totals
     26800       2546        496        260          0          0   ROM Totals

==============================================================================

    Total RO  Size (Code + RO Data)                27296 (  26.66kB)
    Total RW  Size (RW Data + ZI Data)             20092 (  19.62kB)
    Total ROM Size (Code + RO Data + RW Data)      27556 (  26.91kB)

==============================================================================

